// Jest Snapshot v1, https://goo.gl/fbAQLP

exports[`renders 1`] = `
<DocumentFragment>
  <div
    class="wrapper"
  >
    <div
      class="wrapper"
    >
      <button
        type="button"
      >
        <img
          alt=""
          height="48px"
          src="/assets/back-arrow.png"
          width="28px"
        />
      </button>
      <p>
        STATIONS
      </p>
      <button
        type="button"
      >
        <img
          alt=""
          height="52px"
          src="/assets/switch.png"
          width="44px"
        />
      </button>
    </div>
    <div
      class="content"
    >
      <ul
        class="wrapper"
      >
        <li
          class="wrapper"
        >
          <div
            class="list"
            data-testid="ChannelToPlay0"
          >
            <p
              class="list--title"
            >
              Putin FM
            </p>
            <p
              class="list--sub-title"
            >
              66,6
            </p>
          </div>
          <div
            class="list__content--hide"
          >
            <div
              class="list__content"
            >
              <button
                type="button"
              >
                <img
                  alt=""
                  src="/assets/minus.png"
                />
              </button>
              <img
                alt="close"
                class="list__content--player"
                src="/assets/play.jpg"
              />
              <button
                type="button"
              >
                <img
                  alt=""
                  src="/assets/plus.png"
                />
              </button>
            </div>
          </div>
        </li>
        <li
          class="wrapper"
        >
          <div
            class="list"
            data-testid="ChannelToPlay1"
          >
            <p
              class="list--title"
            >
              Dribble FM
            </p>
            <p
              class="list--sub-title"
            >
              101,2
            </p>
          </div>
          <div
            class="list__content--hide"
          >
            <div
              class="list__content"
            >
              <button
                type="button"
              >
                <img
                  alt=""
                  src="/assets/minus.png"
                />
              </button>
              <img
                alt="close"
                class="list__content--player"
                src="/assets/play.jpg"
              />
              <button
                type="button"
              >
                <img
                  alt=""
                  src="/assets/plus.png"
                />
              </button>
            </div>
          </div>
        </li>
        <li
          class="wrapper"
        >
          <div
            class="list"
            data-testid="ChannelToPlay2"
          >
            <p
              class="list--title"
            >
              Doge FM
            </p>
            <p
              class="list--sub-title"
            >
              99,4
            </p>
          </div>
          <div
            class="list__content--hide"
          >
            <div
              class="list__content"
            >
              <button
                type="button"
              >
                <img
                  alt=""
                  src="/assets/minus.png"
                />
              </button>
              <img
                alt="close"
                class="list__content--player"
                src="/assets/play.jpg"
              />
              <button
                type="button"
              >
                <img
                  alt=""
                  src="/assets/plus.png"
                />
              </button>
            </div>
          </div>
        </li>
        <li
          class="wrapper"
        >
          <div
            class="list"
            data-testid="ChannelToPlay3"
          >
            <p
              class="list--title"
            >
              Ballads FM
            </p>
            <p
              class="list--sub-title"
            >
              87,1
            </p>
          </div>
          <div
            class="list__content--hide"
          >
            <div
              class="list__content"
            >
              <button
                type="button"
              >
                <img
                  alt=""
                  src="/assets/minus.png"
                />
              </button>
              <img
                alt="close"
                class="list__content--player"
                src="/assets/play.jpg"
              />
              <button
                type="button"
              >
                <img
                  alt=""
                  src="/assets/plus.png"
                />
              </button>
            </div>
          </div>
        </li>
        <li
          class="wrapper"
        >
          <div
            class="list"
            data-testid="ChannelToPlay4"
          >
            <p
              class="list--title"
            >
              Maximum FM
            </p>
            <p
              class="list--sub-title"
            >
              142,2
            </p>
          </div>
          <div
            class="list__content--hide"
          >
            <div
              class="list__content"
            >
              <button
                type="button"
              >
                <img
                  alt=""
                  src="/assets/minus.png"
                />
              </button>
              <img
                alt="close"
                class="list__content--player"
                src="/assets/play.jpg"
              />
              <button
                type="button"
              >
                <img
                  alt=""
                  src="/assets/plus.png"
                />
              </button>
            </div>
          </div>
        </li>
      </ul>
      <div
        class="wrapper"
      >
        <p>
          Not playing to anything
        </p>
      </div>
    </div>
  </div>
</DocumentFragment>
`;
